node.exe : [baseline-browser-mapping] The data in this module is over two months old. 
 To ensure accurate Baseline data, please update: `npm i 
baseline-browser-mapping@latest -D`
At C:\Program Files\nodejs\npx.ps1:29 char:3
+   & $NODE_EXE $NPX_CLI_JS $args
+   ~~~~~~~~~~~~~~~~~~~~~~~~~~~~~
    + CategoryInfo          : NotSpecified: ([baseline-brows...ping@latest -D`:String 
   ) [], RemoteException
    + FullyQualifiedErrorId : NativeCommandError
 
   Γû▓ Next.js 16.0.7 (Turbopack)
   - Environments: .env.local
   - Experiments (use with caution):
     ┬╖ optimizePackageImports

   Creating an optimized production build ...
[baseline-browser-mapping] The data in this module is over two months old.  To ensure 
accurate Baseline data, please update: `npm i baseline-browser-mapping@latest -D`

> Build error occurred
Error: Turbopack build failed with 13 errors:
./app/api/categories/route.ts
Reading source code for parsing failed
An unexpected error happened while trying to read the source code to parse: failed to 
convert rope into string

Caused by:
- invalid utf-8 sequence of 1 bytes from index 195


./components/Header.tsx:3:20
Ecmascript file had an error
[0m [90m 1 |[39m [36mimport[39m [33mLink[39m [36mfrom[39m 
[32m'next/link'[39m
 [90m 2 |[39m [36mimport[39m { useRouter[33m,[39m usePathname[33m,[39m 
useSearchParams } [36mfrom[39m [32m'next/navigation'[39m
[31m[1m>[22m[39m[90m 3 |[39m [36mimport[39m { useState[33m,[39m 
useEffect[33m,[39m useCallback[33m,[39m useMemo[33m,[39m memo } [36mfrom[39m 
[32m'react'[39m
 [90m   |[39m                    [31m[1m^[22m[39m[31m[1m^[22m[39m[31m[1m^
[22m[39m[31m[1m^[22m[39m[31m[1m^[22m[39m[31m[1m^[22m[39m[31m[1m^[22m[
39m[31m[1m^[22m[39m[31m[1m^[22m[39m
 [90m 4 |[39m [36mimport[39m { useCart } [36mfrom[39m 
[32m'@/context/CartContext'[39m
 [90m 5 |[39m [36mimport[39m { useUserAuth } [36mfrom[39m 
[32m'@/context/UserAuthContext'[39m
 [90m 6 |[39m [36mimport[39m { useFavorites } [36mfrom[39m 
[32m'@/context/FavoritesContext'[39m[0m

You're importing a component that needs `useEffect`. This React Hook only works in a 
Client Component. To fix, mark the file (or its parent) with the `"use client"` 
directive.

 Learn more: https://nextjs.org/docs/app/api-reference/directives/use-client



Import traces:
  #1 [Server Component]:
    ./components/Header.tsx
    ./app/about/page.tsx

  #2 [Client Component Browser]:
    ./components/Header.tsx [Client Component Browser]
    ./app/HomeClientPage.tsx [Client Component Browser]
    ./app/HomeClientPage.tsx [Server Component]
    ./app/page.tsx [Server Component]

  #3 [Client Component Browser]:
    ./components/Header.tsx [Client Component Browser]
    ./app/cart/CartClientPage.tsx [Client Component Browser]
    ./app/cart/CartClientPage.tsx [Server Component]
    ./app/cart/page.tsx [Server Component]

  #4 [Client Component SSR]:
    ./components/Header.tsx [Client Component SSR]
    ./app/HomeClientPage.tsx [Client Component SSR]
    ./app/HomeClientPage.tsx [Server Component]
    ./app/page.tsx [Server Component]

  #5 [Client Component SSR]:
    ./components/Header.tsx [Client Component SSR]
    ./app/cart/CartClientPage.tsx [Client Component SSR]
    ./app/cart/CartClientPage.tsx [Server Component]
    ./app/cart/page.tsx [Server Component]


./components/Header.tsx:2:21
Ecmascript file had an error
[0m [90m 1 |[39m [36mimport[39m [33mLink[39m [36mfrom[39m 
[32m'next/link'[39m
[31m[1m>[22m[39m[90m 2 |[39m [36mimport[39m { useRouter[33m,[39m 
usePathname[33m,[39m useSearchParams } [36mfrom[39m [32m'next/navigation'[39m
 [90m   |[39m                     [31m[1m^[22m[39m[31m[1m^[22m[39m[31m[1m^
[22m[39m[31m[1m^[22m[39m[31m[1m^[22m[39m[31m[1m^[22m[39m[31m[1m^[22m
[39m[31m[1m^[22m[39m[31m[1m^[22m[39m[31m[1m^[22m[39m[31m[1m^[22m[39m
 [90m 3 |[39m [36mimport[39m { useState[33m,[39m useEffect[33m,[39m 
useCallback[33m,[39m useMemo[33m,[39m memo } [36mfrom[39m [32m'react'[39m
 [90m 4 |[39m [36mimport[39m { useCart } [36mfrom[39m 
[32m'@/context/CartContext'[39m
 [90m 5 |[39m [36mimport[39m { useUserAuth } [36mfrom[39m 
[32m'@/context/UserAuthContext'[39m[0m

You're importing a component that needs `usePathname`. This React Hook only works in 
a Client Component. To fix, mark the file (or its parent) with the `"use client"` 
directive.

 Learn more: https://nextjs.org/docs/app/api-reference/directives/use-client



Import traces:
  #1 [Server Component]:
    ./components/Header.tsx
    ./app/about/page.tsx

  #2 [Client Component Browser]:
    ./components/Header.tsx [Client Component Browser]
    ./app/HomeClientPage.tsx [Client Component Browser]
    ./app/HomeClientPage.tsx [Server Component]
    ./app/page.tsx [Server Component]

  #3 [Client Component Browser]:
    ./components/Header.tsx [Client Component Browser]
    ./app/cart/CartClientPage.tsx [Client Component Browser]
    ./app/cart/CartClientPage.tsx [Server Component]
    ./app/cart/page.tsx [Server Component]

  #4 [Client Component SSR]:
    ./components/Header.tsx [Client Component SSR]
    ./app/HomeClientPage.tsx [Client Component SSR]
    ./app/HomeClientPage.tsx [Server Component]
    ./app/page.tsx [Server Component]

  #5 [Client Component SSR]:
    ./components/Header.tsx [Client Component SSR]
    ./app/cart/CartClientPage.tsx [Client Component SSR]
    ./app/cart/CartClientPage.tsx [Server Component]
    ./app/cart/page.tsx [Server Component]


./components/Header.tsx:2:10
Ecmascript file had an error
[0m [90m 1 |[39m [36mimport[39m [33mLink[39m [36mfrom[39m 
[32m'next/link'[39m
[31m[1m>[22m[39m[90m 2 |[39m [36mimport[39m { useRouter[33m,[39m 
usePathname[33m,[39m useSearchParams } [36mfrom[39m [32m'next/navigation'[39m
 [90m   |[39m          [31m[1m^[22m[39m[31m[1m^[22m[39m[31m[1m^[22m[39m
[31m[1m^[22m[39m[31m[1m^[22m[39m[31m[1m^[22m[39m[31m[1m^[22m[39m[31m[
1m^[22m[39m[31m[1m^[22m[39m
 [90m 3 |[39m [36mimport[39m { useState[33m,[39m useEffect[33m,[39m 
useCallback[33m,[39m useMemo[33m,[39m memo } [36mfrom[39m [32m'react'[39m
 [90m 4 |[39m [36mimport[39m { useCart } [36mfrom[39m 
[32m'@/context/CartContext'[39m
 [90m 5 |[39m [36mimport[39m { useUserAuth } [36mfrom[39m 
[32m'@/context/UserAuthContext'[39m[0m

You're importing a component that needs `useRouter`. This React Hook only works in a 
Client Component. To fix, mark the file (or its parent) with the `"use client"` 
directive.

 Learn more: https://nextjs.org/docs/app/api-reference/directives/use-client



Import traces:
  #1 [Server Component]:
    ./components/Header.tsx
    ./app/about/page.tsx

  #2 [Client Component Browser]:
    ./components/Header.tsx [Client Component Browser]
    ./app/HomeClientPage.tsx [Client Component Browser]
    ./app/HomeClientPage.tsx [Server Component]
    ./app/page.tsx [Server Component]

  #3 [Client Component Browser]:
    ./components/Header.tsx [Client Component Browser]
    ./app/cart/CartClientPage.tsx [Client Component Browser]
    ./app/cart/CartClientPage.tsx [Server Component]
    ./app/cart/page.tsx [Server Component]

  #4 [Client Component SSR]:
    ./components/Header.tsx [Client Component SSR]
    ./app/HomeClientPage.tsx [Client Component SSR]
    ./app/HomeClientPage.tsx [Server Component]
    ./app/page.tsx [Server Component]

  #5 [Client Component SSR]:
    ./components/Header.tsx [Client Component SSR]
    ./app/cart/CartClientPage.tsx [Client Component SSR]
    ./app/cart/CartClientPage.tsx [Server Component]
    ./app/cart/page.tsx [Server Component]


./components/Header.tsx:2:34
Ecmascript file had an error
[0m [90m 1 |[39m [36mimport[39m [33mLink[39m [36mfrom[39m 
[32m'next/link'[39m
[31m[1m>[22m[39m[90m 2 |[39m [36mimport[39m { useRouter[33m,[39m 
usePathname[33m,[39m useSearchParams } [36mfrom[39m [32m'next/navigation'[39m
 [90m   |[39m                                  [31m[1m^[22m[39m[31m[1m^[22m[
39m[31m[1m^[22m[39m[31m[1m^[22m[39m[31m[1m^[22m[39m[31m[1m^[22m[39m[3
1m[1m^[22m[39m[31m[1m^[22m[39m[31m[1m^[22m[39m[31m[1m^[22m[39m[31m[1m
^[22m[39m[31m[1m^[22m[39m[31m[1m^[22m[39m[31m[1m^[22m[39m[31m[1m^[22m
[39m
 [90m 3 |[39m [36mimport[39m { useState[33m,[39m useEffect[33m,[39m 
useCallback[33m,[39m useMemo[33m,[39m memo } [36mfrom[39m [32m'react'[39m
 [90m 4 |[39m [36mimport[39m { useCart } [36mfrom[39m 
[32m'@/context/CartContext'[39m
 [90m 5 |[39m [36mimport[39m { useUserAuth } [36mfrom[39m 
[32m'@/context/UserAuthContext'[39m[0m

You're importing a component that needs `useSearchParams`. This React Hook only works 
in a Client Component. To fix, mark the file (or its parent) with the `"use client"` 
directive.

 Learn more: https://nextjs.org/docs/app/api-reference/directives/use-client



Import traces:
  #1 [Server Component]:
    ./components/Header.tsx
    ./app/about/page.tsx

  #2 [Client Component Browser]:
    ./components/Header.tsx [Client Component Browser]
    ./app/HomeClientPage.tsx [Client Component Browser]
    ./app/HomeClientPage.tsx [Server Component]
    ./app/page.tsx [Server Component]

  #3 [Client Component Browser]:
    ./components/Header.tsx [Client Component Browser]
    ./app/cart/CartClientPage.tsx [Client Component Browser]
    ./app/cart/CartClientPage.tsx [Server Component]
    ./app/cart/page.tsx [Server Component]

  #4 [Client Component SSR]:
    ./components/Header.tsx [Client Component SSR]
    ./app/HomeClientPage.tsx [Client Component SSR]
    ./app/HomeClientPage.tsx [Server Component]
    ./app/page.tsx [Server Component]

  #5 [Client Component SSR]:
    ./components/Header.tsx [Client Component SSR]
    ./app/cart/CartClientPage.tsx [Client Component SSR]
    ./app/cart/CartClientPage.tsx [Server Component]
    ./app/cart/page.tsx [Server Component]


./components/Header.tsx:3:10
Ecmascript file had an error
[0m [90m 1 |[39m [36mimport[39m [33mLink[39m [36mfrom[39m 
[32m'next/link'[39m
 [90m 2 |[39m [36mimport[39m { useRouter[33m,[39m usePathname[33m,[39m 
useSearchParams } [36mfrom[39m [32m'next/navigation'[39m
[31m[1m>[22m[39m[90m 3 |[39m [36mimport[39m { useState[33m,[39m 
useEffect[33m,[39m useCallback[33m,[39m useMemo[33m,[39m memo } [36mfrom[39m 
[32m'react'[39m
 [90m   |[39m          [31m[1m^[22m[39m[31m[1m^[22m[39m[31m[1m^[22m[39m
[31m[1m^[22m[39m[31m[1m^[22m[39m[31m[1m^[22m[39m[31m[1m^[22m[39m[31m[
1m^[22m[39m
 [90m 4 |[39m [36mimport[39m { useCart } [36mfrom[39m 
[32m'@/context/CartContext'[39m
 [90m 5 |[39m [36mimport[39m { useUserAuth } [36mfrom[39m 
[32m'@/context/UserAuthContext'[39m
 [90m 6 |[39m [36mimport[39m { useFavorites } [36mfrom[39m 
[32m'@/context/FavoritesContext'[39m[0m

You're importing a component that needs `useState`. This React Hook only works in a 
Client Component. To fix, mark the file (or its parent) with the `"use client"` 
directive.

 Learn more: https://nextjs.org/docs/app/api-reference/directives/use-client



Import traces:
  #1 [Server Component]:
    ./components/Header.tsx
    ./app/about/page.tsx

  #2 [Client Component Browser]:
    ./components/Header.tsx [Client Component Browser]
    ./app/HomeClientPage.tsx [Client Component Browser]
    ./app/HomeClientPage.tsx [Server Component]
    ./app/page.tsx [Server Component]

  #3 [Client Component Browser]:
    ./components/Header.tsx [Client Component Browser]
    ./app/cart/CartClientPage.tsx [Client Component Browser]
    ./app/cart/CartClientPage.tsx [Server Component]
    ./app/cart/page.tsx [Server Component]

  #4 [Client Component SSR]:
    ./components/Header.tsx [Client Component SSR]
    ./app/HomeClientPage.tsx [Client Component SSR]
    ./app/HomeClientPage.tsx [Server Component]
    ./app/page.tsx [Server Component]

  #5 [Client Component SSR]:
    ./components/Header.tsx [Client Component SSR]
    ./app/cart/CartClientPage.tsx [Client Component SSR]
    ./app/cart/CartClientPage.tsx [Server Component]
    ./app/cart/page.tsx [Server Component]


./app/api/auth/delete/route.ts:3:1
Export buildUserTokenClearCookieHeader doesn't exist in target module
[0m [90m 1 |[39m [36mimport[39m { [33mNextRequest[39m[33m,[39m 
[33mNextResponse[39m } [36mfrom[39m [32m'next/server'[39m
 [90m 2 |[39m
[31m[1m>[22m[39m[90m 3 |[39m [36mimport[39m { 
buildUserTokenClearCookieHeader[33m,[39m deleteUserById[33m,[39m 
getUserFromRequest } [36mfrom[39m [32m'@/lib/user-auth'[39m
 [90m   |[39m [31m[1m^[22m[39m[31m[1m^[22m[39m[31m[1m^[22m[39m[31m[1m^
[22m[39m[31m[1m^[22m[39m[31m[1m^[22m[39m[31m[1m^[22m[39m[31m[1m^[22m
[39m[31m[1m^[22m[39m[31m[1m^[22m[39m[31m[1m^[22m[39m[31m[1m^[22m[39m[
31m[1m^[22m[39m[31m[1m^[22m[39m[31m[1m^[22m[39m[31m[1m^[22m[39m[31m[1
m^[22m[39m[31m[1m^[22m[39m[31m[1m^[22m[39m[31m[1m^[22m[39m[31m[1m^[22
m[39m[31m[1m^[22m[39m[31m[1m^[22m[39m[31m[1m^[22m[39m[31m[1m^[22m[39m
[31m[1m^[22m[39m[31m[1m^[22m[39m[31m[1m^[22m[39m[31m[1m^[22m[39m[31m
[1m^[22m[39m[31m[1m^[22m[39m[31m[1m^[22m[39m[31m[1m^[22m[39m[31m[1m^[
22m[39m[31m[1m^[22m[39m[31m[1m^[22m[39m[31m[1m^[22m[39m[31m[1m^[22m[3
9m[31m[1m^[22m[39m[31m[1m^[22m[39m[31m[1m^[22m[39m[31m[1m^[22m[39m[31
m[1m^[22m[39m[31m[1m^[22m[39m[31m[1m^[22m[39m[31m[1m^[22m[39m[31m[1m^
[22m[39m[31m[1m^[22m[39m[31m[1m^[22m[39m[31m[1m^[22m[39m[31m[1m^[22m
[39m[31m[1m^[22m[39m[31m[1m^[22m[39m[31m[1m^[22m[39m[31m[1m^[22m[39m[
31m[1m^[22m[39m[31m[1m^[22m[39m[31m[1m^[22m[39m[31m[1m^[22m[39m[31m[1
m^[22m[39m[31m[1m^[22m[39m[31m[1m^[22m[39m[31m[1m^[22m[39m[31m[1m^[22
m[39m[31m[1m^[22m[39m[31m[1m^[22m[39m[31m[1m^[22m[39m[31m[1m^[22m[39m
[31m[1m^[22m[39m[31m[1m^[22m[39m[31m[1m^[22m[39m[31m[1m^[22m[39m[31m
[1m^[22m[39m[31m[1m^[22m[39m[31m[1m^[22m[39m[31m[1m^[22m[39m[31m[1m^[
22m[39m[31m[1m^[22m[39m[31m[1m^[22m[39m[31m[1m^[22m[39m[31m[1m^[22m[3
9m[31m[1m^[22m[39m[31m[1m^[22m[39m[31m[1m^[22m[39m[31m[1m^[22m[39m[31
m[1m^[22m[39m[31m[1m^[22m[39m[31m[1m^[22m[39m[31m[1m^[22m[39m[31m[1m^
[22m[39m[31m[1m^[22m[39m[31m[1m^[22m[39m[31m[1m^[22m[39m[31m[1m^[22m
[39m[31m[1m^[22m[39m[31m[1m^[22m[39m[31m[1m^[22m[39m[31m[1m^[22m[39m[
31m[1m^[22m[39m[31m[1m^[22m[39m[31m[1m^[22m[39m
 [90m 4 |[39m
 [90m 5 |[39m [36masync[39m [36mfunction[39m deleteAccount(req[33m:[39m 
[33mNextRequest[39m) {
 [90m 6 |[39m   [36mconst[39m userId [33m=[39m 
getUserFromRequest(req)[33m?[39m[33m.[39mid[0m

The export buildUserTokenClearCookieHeader was not found in module 
[project]/lib/user-auth.ts [app-route] (ecmascript).
Did you mean to import clearUserTokenCookie?
All exports of the module are statically known (It doesn't have dynamic exports). So 
it's known statically that the requested export doesn't exist.


./app/api/auth/logout/route.ts:3:1
Export buildUserTokenClearCookieHeader doesn't exist in target module
[0m [90m 1 |[39m [36mimport[39m { [33mNextResponse[39m } [36mfrom[39m 
[32m'next/server'[39m
 [90m 2 |[39m
[31m[1m>[22m[39m[90m 3 |[39m [36mimport[39m { buildUserTokenClearCookieHeader 
} [36mfrom[39m [32m'@/lib/user-auth'[39m
 [90m   |[39m [31m[1m^[22m[39m[31m[1m^[22m[39m[31m[1m^[22m[39m[31m[1m^
[22m[39m[31m[1m^[22m[39m[31m[1m^[22m[39m[31m[1m^[22m[39m[31m[1m^[22m
[39m[31m[1m^[22m[39m[31m[1m^[22m[39m[31m[1m^[22m[39m[31m[1m^[22m[39m[
31m[1m^[22m[39m[31m[1m^[22m[39m[31m[1m^[22m[39m[31m[1m^[22m[39m[31m[1
m^[22m[39m[31m[1m^[22m[39m[31m[1m^[22m[39m[31m[1m^[22m[39m[31m[1m^[22
m[39m[31m[1m^[22m[39m[31m[1m^[22m[39m[31m[1m^[22m[39m[31m[1m^[22m[39m
[31m[1m^[22m[39m[31m[1m^[22m[39m[31m[1m^[22m[39m[31m[1m^[22m[39m[31m
[1m^[22m[39m[31m[1m^[22m[39m[31m[1m^[22m[39m[31m[1m^[22m[39m[31m[1m^[
22m[39m[31m[1m^[22m[39m[31m[1m^[22m[39m[31m[1m^[22m[39m[31m[1m^[22m[3
9m[31m[1m^[22m[39m[31m[1m^[22m[39m[31m[1m^[22m[39m[31m[1m^[22m[39m[31
m[1m^[22m[39m[31m[1m^[22m[39m[31m[1m^[22m[39m[31m[1m^[22m[39m[31m[1m^
[22m[39m[31m[1m^[22m[39m[31m[1m^[22m[39m[31m[1m^[22m[39m[31m[1m^[22m
[39m[31m[1m^[22m[39m[31m[1m^[22m[39m[31m[1m^[22m[39m[31m[1m^[22m[39m[
31m[1m^[22m[39m[31m[1m^[22m[39m[31m[1m^[22m[39m[31m[1m^[22m[39m[31m[1
m^[22m[39m[31m[1m^[22m[39m[31m[1m^[22m[39m[31m[1m^[22m[39m[31m[1m^[22
m[39m[31m[1m^[22m[39m
 [90m 4 |[39m
 [90m 5 |[39m [36mexport[39m [36masync[39m [36mfunction[39m [33mPOST[39m() {
 [90m 6 |[39m   [36mconst[39m response [33m=[39m 
[33mNextResponse[39m[33m.[39mjson({ success[33m:[39m [36mtrue[39m[33m,[39m 
message[33m:[39m [32m'Logged out successfully'[39m }[33m,[39m { 
status[33m:[39m [35m200[39m })[0m

The export buildUserTokenClearCookieHeader was not found in module 
[project]/lib/user-auth.ts [app-route] (ecmascript).
Did you mean to import clearUserTokenCookie?
All exports of the module are statically known (It doesn't have dynamic exports). So 
it's known statically that the requested export doesn't exist.


./app/api/auth/verify-otp/route.ts:4:1
Export buildUserTokenSetCookieHeader doesn't exist in target module
[0m [90m 2 |[39m
 [90m 3 |[39m [36mimport[39m { getSupabaseAdmin } [36mfrom[39m 
[32m'@/lib/admin-api-utils'[39m
[31m[1m>[22m[39m[90m 4 |[39m [36mimport[39m { 
buildUserTokenSetCookieHeader[33m,[39m generateUserToken } [36mfrom[39m 
[32m'@/lib/user-auth'[39m
 [90m   |[39m [31m[1m^[22m[39m[31m[1m^[22m[39m[31m[1m^[22m[39m[31m[1m^
[22m[39m[31m[1m^[22m[39m[31m[1m^[22m[39m[31m[1m^[22m[39m[31m[1m^[22m
[39m[31m[1m^[22m[39m[31m[1m^[22m[39m[31m[1m^[22m[39m[31m[1m^[22m[39m[
31m[1m^[22m[39m[31m[1m^[22m[39m[31m[1m^[22m[39m[31m[1m^[22m[39m[31m[1
m^[22m[39m[31m[1m^[22m[39m[31m[1m^[22m[39m[31m[1m^[22m[39m[31m[1m^[22
m[39m[31m[1m^[22m[39m[31m[1m^[22m[39m[31m[1m^[22m[39m[31m[1m^[22m[39m
[31m[1m^[22m[39m[31m[1m^[22m[39m[31m[1m^[22m[39m[31m[1m^[22m[39m[31m
[1m^[22m[39m[31m[1m^[22m[39m[31m[1m^[22m[39m[31m[1m^[22m[39m[31m[1m^[
22m[39m[31m[1m^[22m[39m[31m[1m^[22m[39m[31m[1m^[22m[39m[31m[1m^[22m[3
9m[31m[1m^[22m[39m[31m[1m^[22m[39m[31m[1m^[22m[39m[31m[1m^[22m[39m[31
m[1m^[22m[39m[31m[1m^[22m[39m[31m[1m^[22m[39m[31m[1m^[22m[39m[31m[1m^
[22m[39m[31m[1m^[22m[39m[31m[1m^[22m[39m[31m[1m^[22m[39m[31m[1m^[22m
[39m[31m[1m^[22m[39m[31m[1m^[22m[39m[31m[1m^[22m[39m[31m[1m^[22m[39m[
31m[1m^[22m[39m[31m[1m^[22m[39m[31m[1m^[22m[39m[31m[1m^[22m[39m[31m[1
m^[22m[39m[31m[1m^[22m[39m[31m[1m^[22m[39m[31m[1m^[22m[39m[31m[1m^[22
m[39m[31m[1m^[22m[39m[31m[1m^[22m[39m[31m[1m^[22m[39m[31m[1m^[22m[39m
[31m[1m^[22m[39m[31m[1m^[22m[39m[31m[1m^[22m[39m[31m[1m^[22m[39m[31m
[1m^[22m[39m[31m[1m^[22m[39m[31m[1m^[22m[39m[31m[1m^[22m[39m[31m[1m^[
22m[39m[31m[1m^[22m[39m[31m[1m^[22m[39m[31m[1m^[22m[39m[31m[1m^[22m[3
9m[31m[1m^[22m[39m
 [90m 5 |[39m
 [90m 6 |[39m [36mexport[39m [36masync[39m [36mfunction[39m 
[33mPOST[39m(req[33m:[39m [33mNextRequest[39m) {
 [90m 7 |[39m   [36mconst[39m body [33m=[39m [36mawait[39m 
req[33m.[39mjson()[0m

The export buildUserTokenSetCookieHeader was not found in module 
[project]/lib/user-auth.ts [app-route] (ecmascript).
Did you mean to import clearUserTokenCookie?
All exports of the module are statically known (It doesn't have dynamic exports). So 
it's known statically that the requested export doesn't exist.


./app/api/admin/products/[id]/route.ts:4:1
Export getAdminFromNextRequest doesn't exist in target module
[0m [90m 2 |[39m ∩╗┐[36mimport[39m { [33mNextRequest[39m[33m,[39m 
[33mNextResponse[39m } [36mfrom[39m [32m'next/server'[39m
 [90m 3 |[39m [36mimport[39m { revalidatePath } [36mfrom[39m 
[32m'next/cache'[39m
[31m[1m>[22m[39m[90m 4 |[39m [36mimport[39m { 
getAdminFromNextRequest[33m,[39m getSupabaseAdmin[33m,[39m getSupabaseClient } 
[36mfrom[39m [32m'@/lib/admin-api-utils'[39m
 [90m   |[39m [31m[1m^[22m[39m[31m[1m^[22m[39m[31m[1m^[22m[39m[31m[1m^
[22m[39m[31m[1m^[22m[39m[31m[1m^[22m[39m[31m[1m^[22m[39m[31m[1m^[22m
[39m[31m[1m^[22m[39m[31m[1m^[22m[39m[31m[1m^[22m[39m[31m[1m^[22m[39m[
31m[1m^[22m[39m[31m[1m^[22m[39m[31m[1m^[22m[39m[31m[1m^[22m[39m[31m[1
m^[22m[39m[31m[1m^[22m[39m[31m[1m^[22m[39m[31m[1m^[22m[39m[31m[1m^[22
m[39m[31m[1m^[22m[39m[31m[1m^[22m[39m[31m[1m^[22m[39m[31m[1m^[22m[39m
[31m[1m^[22m[39m[31m[1m^[22m[39m[31m[1m^[22m[39m[31m[1m^[22m[39m[31m
[1m^[22m[39m[31m[1m^[22m[39m[31m[1m^[22m[39m[31m[1m^[22m[39m[31m[1m^[
22m[39m[31m[1m^[22m[39m[31m[1m^[22m[39m[31m[1m^[22m[39m[31m[1m^[22m[3
9m[31m[1m^[22m[39m[31m[1m^[22m[39m[31m[1m^[22m[39m[31m[1m^[22m[39m[31
m[1m^[22m[39m[31m[1m^[22m[39m[31m[1m^[22m[39m[31m[1m^[22m[39m[31m[1m^
[22m[39m[31m[1m^[22m[39m[31m[1m^[22m[39m[31m[1m^[22m[39m[31m[1m^[22m
[39m[31m[1m^[22m[39m[31m[1m^[22m[39m[31m[1m^[22m[39m[31m[1m^[22m[39m[
31m[1m^[22m[39m[31m[1m^[22m[39m[31m[1m^[22m[39m[31m[1m^[22m[39m[31m[1
m^[22m[39m[31m[1m^[22m[39m[31m[1m^[22m[39m[31m[1m^[22m[39m[31m[1m^[22
m[39m[31m[1m^[22m[39m[31m[1m^[22m[39m[31m[1m^[22m[39m[31m[1m^[22m[39m
[31m[1m^[22m[39m[31m[1m^[22m[39m[31m[1m^[22m[39m[31m[1m^[22m[39m[31m
[1m^[22m[39m[31m[1m^[22m[39m[31m[1m^[22m[39m[31m[1m^[22m[39m[31m[1m^[
22m[39m[31m[1m^[22m[39m[31m[1m^[22m[39m[31m[1m^[22m[39m[31m[1m^[22m[3
9m[31m[1m^[22m[39m[31m[1m^[22m[39m[31m[1m^[22m[39m[31m[1m^[22m[39m[31
m[1m^[22m[39m[31m[1m^[22m[39m[31m[1m^[22m[39m[31m[1m^[22m[39m[31m[1m^
[22m[39m[31m[1m^[22m[39m[31m[1m^[22m[39m[31m[1m^[22m[39m[31m[1m^[22m
[39m[31m[1m^[22m[39m[31m[1m^[22m[39m[31m[1m^[22m[39m[31m[1m^[22m[39m[
31m[1m^[22m[39m[31m[1m^[22m[39m
 [90m 5 |[39m [36mimport[39m { apiCache } [36mfrom[39m 
[32m'@/lib/server-cache'[39m
 [90m 6 |[39m [36mimport[39m { invalidateSSGCache } [36mfrom[39m 
[32m'@/lib/cache'[39m
 [90m 7 |[39m[0m

The export getAdminFromNextRequest was not found in module 
[project]/lib/admin-api-utils.ts [app-route] (ecmascript).
Did you mean to import getAdminFromRequest?
All exports of the module are statically known (It doesn't have dynamic exports). So 
it's known statically that the requested export doesn't exist.


./app/api/admin/reviews/[id]/route.ts:3:1
Export getAdminFromNextRequest doesn't exist in target module
[0m [90m 1 |[39m [90m/* eslint-disable @typescript-eslint/ban-ts-comment */[39m
 [90m 2 |[39m ∩╗┐[36mimport[39m { [33mNextRequest[39m[33m,[39m 
[33mNextResponse[39m } [36mfrom[39m [32m'next/server'[39m
[31m[1m>[22m[39m[90m 3 |[39m [36mimport[39m { 
getAdminFromNextRequest[33m,[39m getSupabaseAdmin } [36mfrom[39m 
[32m'@/lib/admin-api-utils'[39m
 [90m   |[39m [31m[1m^[22m[39m[31m[1m^[22m[39m[31m[1m^[22m[39m[31m[1m^
[22m[39m[31m[1m^[22m[39m[31m[1m^[22m[39m[31m[1m^[22m[39m[31m[1m^[22m
[39m[31m[1m^[22m[39m[31m[1m^[22m[39m[31m[1m^[22m[39m[31m[1m^[22m[39m[
31m[1m^[22m[39m[31m[1m^[22m[39m[31m[1m^[22m[39m[31m[1m^[22m[39m[31m[1
m^[22m[39m[31m[1m^[22m[39m[31m[1m^[22m[39m[31m[1m^[22m[39m[31m[1m^[22
m[39m[31m[1m^[22m[39m[31m[1m^[22m[39m[31m[1m^[22m[39m[31m[1m^[22m[39m
[31m[1m^[22m[39m[31m[1m^[22m[39m[31m[1m^[22m[39m[31m[1m^[22m[39m[31m
[1m^[22m[39m[31m[1m^[22m[39m[31m[1m^[22m[39m[31m[1m^[22m[39m[31m[1m^[
22m[39m[31m[1m^[22m[39m[31m[1m^[22m[39m[31m[1m^[22m[39m[31m[1m^[22m[3
9m[31m[1m^[22m[39m[31m[1m^[22m[39m[31m[1m^[22m[39m[31m[1m^[22m[39m[31
m[1m^[22m[39m[31m[1m^[22m[39m[31m[1m^[22m[39m[31m[1m^[22m[39m[31m[1m^
[22m[39m[31m[1m^[22m[39m[31m[1m^[22m[39m[31m[1m^[22m[39m[31m[1m^[22m
[39m[31m[1m^[22m[39m[31m[1m^[22m[39m[31m[1m^[22m[39m[31m[1m^[22m[39m[
31m[1m^[22m[39m[31m[1m^[22m[39m[31m[1m^[22m[39m[31m[1m^[22m[39m[31m[1
m^[22m[39m[31m[1m^[22m[39m[31m[1m^[22m[39m[31m[1m^[22m[39m[31m[1m^[22
m[39m[31m[1m^[22m[39m[31m[1m^[22m[39m[31m[1m^[22m[39m[31m[1m^[22m[39m
[31m[1m^[22m[39m[31m[1m^[22m[39m[31m[1m^[22m[39m[31m[1m^[22m[39m[31m
[1m^[22m[39m[31m[1m^[22m[39m[31m[1m^[22m[39m[31m[1m^[22m[39m[31m[1m^[
22m[39m[31m[1m^[22m[39m[31m[1m^[22m[39m[31m[1m^[22m[39m[31m[1m^[22m[3
9m
 [90m 4 |[39m [36mimport[39m { apiCache } [36mfrom[39m 
[32m'@/lib/server-cache'[39m
 [90m 5 |[39m [36mimport[39m { invalidateSSGCache } [36mfrom[39m 
[32m'@/lib/cache'[39m
 [90m 6 |[39m[0m

The export getAdminFromNextRequest was not found in module 
[project]/lib/admin-api-utils.ts [app-route] (ecmascript).
Did you mean to import getAdminFromRequest?
All exports of the module are statically known (It doesn't have dynamic exports). So 
it's known statically that the requested export doesn't exist.


./app/api/cart/[id]/route.ts:3:56
Export getUserFromNextRequest doesn't exist in target module
[0m [90m 1 |[39m ∩╗┐[36mimport[39m { [33mNextRequest[39m[33m,[39m 
[33mNextResponse[39m } [36mfrom[39m [32m'next/server'[39m
 [90m 2 |[39m
[31m[1m>[22m[39m[90m 3 |[39m [36mimport[39m { getSupabaseAdmin } 
[36mfrom[39m [32m'@/lib/admin-api-utils'[39m
 [90m   |[39m                                                        
[31m[1m^[22m[39m
[31m[1m>[22m[39m[90m 4 |[39m [36mimport[39m { getUserFromNextRequest } 
[36mfrom[39m [32m'@/lib/user-auth'[39m
 [90m   |[39m [31m[1m^[22m[39m[31m[1m^[22m[39m[31m[1m^[22m[39m[31m[1m^
[22m[39m[31m[1m^[22m[39m[31m[1m^[22m[39m[31m[1m^[22m[39m[31m[1m^[22m
[39m[31m[1m^[22m[39m[31m[1m^[22m[39m[31m[1m^[22m[39m[31m[1m^[22m[39m[
31m[1m^[22m[39m[31m[1m^[22m[39m[31m[1m^[22m[39m[31m[1m^[22m[39m[31m[1
m^[22m[39m[31m[1m^[22m[39m[31m[1m^[22m[39m[31m[1m^[22m[39m[31m[1m^[22
m[39m[31m[1m^[22m[39m[31m[1m^[22m[39m[31m[1m^[22m[39m[31m[1m^[22m[39m
[31m[1m^[22m[39m[31m[1m^[22m[39m[31m[1m^[22m[39m[31m[1m^[22m[39m[31m
[1m^[22m[39m[31m[1m^[22m[39m[31m[1m^[22m[39m[31m[1m^[22m[39m[31m[1m^[
22m[39m[31m[1m^[22m[39m[31m[1m^[22m[39m[31m[1m^[22m[39m[31m[1m^[22m[3
9m[31m[1m^[22m[39m[31m[1m^[22m[39m[31m[1m^[22m[39m[31m[1m^[22m[39m[31
m[1m^[22m[39m[31m[1m^[22m[39m[31m[1m^[22m[39m[31m[1m^[22m[39m[31m[1m^
[22m[39m[31m[1m^[22m[39m[31m[1m^[22m[39m[31m[1m^[22m[39m[31m[1m^[22m
[39m[31m[1m^[22m[39m[31m[1m^[22m[39m[31m[1m^[22m[39m
 [90m 5 |[39m
 [90m 6 |[39m [36masync[39m [36mfunction[39m 
getAuthenticatedUserId(req[33m:[39m [33mNextRequest[39m) {
 [90m 7 |[39m   [36mreturn[39m 
getUserFromNextRequest(req)[33m?[39m[33m.[39mid [33m||[39m [36mnull[39m[0m

The export getUserFromNextRequest was not found in module [project]/lib/user-auth.ts 
[app-route] (ecmascript).
Did you mean to import getUserFromRequest?
All exports of the module are statically known (It doesn't have dynamic exports). So 
it's known statically that the requested export doesn't exist.


./app/api/orders/[id]/route.ts:6:1
Export getUserFromNextRequest doesn't exist in target module
[0m [90m 4 |[39m [36mimport[39m { [33mOrder[39m } [36mfrom[39m 
[32m'@/lib/supabase'[39m
 [90m 5 |[39m [36mimport[39m { getSupabaseAdmin } [36mfrom[39m 
[32m'@/lib/admin-api-utils'[39m
[31m[1m>[22m[39m[90m 6 |[39m [36mimport[39m { getUserFromNextRequest } 
[36mfrom[39m [32m'@/lib/user-auth'[39m
 [90m   |[39m [31m[1m^[22m[39m[31m[1m^[22m[39m[31m[1m^[22m[39m[31m[1m^
[22m[39m[31m[1m^[22m[39m[31m[1m^[22m[39m[31m[1m^[22m[39m[31m[1m^[22m
[39m[31m[1m^[22m[39m[31m[1m^[22m[39m[31m[1m^[22m[39m[31m[1m^[22m[39m[
31m[1m^[22m[39m[31m[1m^[22m[39m[31m[1m^[22m[39m[31m[1m^[22m[39m[31m[1
m^[22m[39m[31m[1m^[22m[39m[31m[1m^[22m[39m[31m[1m^[22m[39m[31m[1m^[22
m[39m[31m[1m^[22m[39m[31m[1m^[22m[39m[31m[1m^[22m[39m[31m[1m^[22m[39m
[31m[1m^[22m[39m[31m[1m^[22m[39m[31m[1m^[22m[39m[31m[1m^[22m[39m[31m
[1m^[22m[39m[31m[1m^[22m[39m[31m[1m^[22m[39m[31m[1m^[22m[39m[31m[1m^[
22m[39m[31m[1m^[22m[39m[31m[1m^[22m[39m[31m[1m^[22m[39m[31m[1m^[22m[3
9m[31m[1m^[22m[39m[31m[1m^[22m[39m[31m[1m^[22m[39m[31m[1m^[22m[39m[31
m[1m^[22m[39m[31m[1m^[22m[39m[31m[1m^[22m[39m[31m[1m^[22m[39m[31m[1m^
[22m[39m[31m[1m^[22m[39m[31m[1m^[22m[39m[31m[1m^[22m[39m[31m[1m^[22m
[39m[31m[1m^[22m[39m[31m[1m^[22m[39m[31m[1m^[22m[39m[31m[1m^[22m[39m[
31m[1m^[22m[39m
 [90m 7 |[39m
 [90m 8 |[39m [36mexport[39m [36masync[39m [36mfunction[39m 
[33mGET[39m(req[33m:[39m [33mNextRequest[39m[33m,[39m context[33m:[39m { 
params[33m:[39m [33mPromise[39m[33m<[39m{ id[33m:[39m string }[33m>[39m }) {
 [90m 9 |[39m   [36mconst[39m { id } [33m=[39m [36mawait[39m 
context[33m.[39mparams[0m

The export getUserFromNextRequest was not found in module [project]/lib/user-auth.ts 
[app-route] (ecmascript).
Did you mean to import getUserFromRequest?
All exports of the module are statically known (It doesn't have dynamic exports). So 
it's known statically that the requested export doesn't exist.


    at <unknown> (./components/Header.tsx:3:20)
    at <unknown> (./components/Header.tsx:2:21)
    at <unknown> (./components/Header.tsx:2:10)
    at <unknown> (./components/Header.tsx:2:34)
    at <unknown> (./components/Header.tsx:3:10)
    at <unknown> (./app/api/auth/delete/route.ts:3:1)
    at <unknown> (./app/api/auth/logout/route.ts:3:1)
    at <unknown> (./app/api/auth/verify-otp/route.ts:4:1)
    at <unknown> (./app/api/admin/products/[id]/route.ts:4:1)
    at <unknown> (./app/api/admin/reviews/[id]/route.ts:3:1)
    at <unknown> (./app/api/cart/[id]/route.ts:3:56)
    at <unknown> (./app/api/orders/[id]/route.ts:6:1)
